[    0.0s] control_yugovostok_mix1_inf best (0, 10, 349.278) lb_used 9
[    0.2s] families [[51, 9, 20, 0, 3], [12, 51, 16, 4], [9, 21, 11, 8, 15, 6, 3, 5, 4]], 1934 candidate sets
[    0.2s] составов из 9 бригад: 130, мои: 33 (часть 0/4)
[    2.9s]   (0, 0, 0, 1, 3, 1, 1, 1, 1, 1): LP 1221.0000 отпал (колонок 7349, SRC 0)
[    6.4s]   (0, 0, 1, 1, 3, 1, 0, 1, 1, 1): LP 635.0211 отпал (колонок 9548, SRC 0)
[    7.7s]   (0, 1, 0, 0, 3, 1, 1, 1, 1, 1): LP 1250.1429 отпал (колонок 10167, SRC 0)
[   11.3s]   (0, 1, 0, 1, 3, 1, 1, 0, 1, 1): LP 706.2566 отпал (колонок 10694, SRC 0)
[   12.0s]   (0, 1, 1, 0, 3, 0, 1, 1, 1, 1): LP 753.8571 отпал (колонок 10867, SRC 0)
[   14.7s]   (0, 1, 1, 0, 3, 1, 1, 1, 1, 0): LP 558.0093 отпал (колонок 11939, SRC 0)
[   16.6s]   (0, 1, 1, 1, 2, 1, 1, 0, 1, 1): LP 314.0059 отпал (колонок 12734, SRC 0)
[   16.7s]   (0, 1, 1, 1, 3, 0, 1, 0, 1, 1): LP 306.0000 отпал (колонок 12734, SRC 0)
[   19.1s]   (0, 1, 1, 1, 3, 1, 0, 1, 0, 1): LP 239.2739 отпал (колонок 13385, SRC 0)
[   21.8s]   (0, 1, 1, 1, 3, 1, 1, 1, 0, 0): LP 138.5821 отпал (колонок 14133, SRC 0)
[   23.5s]   (1, 0, 0, 1, 3, 1, 0, 1, 1, 1): LP 690.6807 отпал (колонок 14200, SRC 0)
[   24.3s]   (1, 0, 1, 0, 2, 1, 1, 1, 1, 1): LP 796.7419 отпал (колонок 14217, SRC 0)
[   25.5s]   (1, 0, 1, 0, 3, 1, 1, 1, 0, 1): LP 752.3049 отпал (колонок 14513, SRC 0)
[   28.0s]   (1, 0, 1, 1, 2, 1, 0, 1, 1, 1): LP 303.7521 отпал (колонок 14887, SRC 0)
[   30.6s]   (1, 0, 1, 1, 3, 0, 0, 1, 1, 1): LP 295.1977 отпал (колонок 15325, SRC 0)
[   33.7s]   (1, 0, 1, 1, 3, 1, 0, 0, 1, 1): LP 233.2680 отпал (колонок 15903, SRC 0)
[   38.7s]   (1, 0, 1, 1, 3, 1, 1, 0, 1, 0): LP 129.4377 отпал (колонок 16548, SRC 0)
[   39.6s]   (1, 1, 0, 0, 3, 1, 0, 1, 1, 1): LP 736.5000 отпал (колонок 16685, SRC 0)
[   41.8s]   (1, 1, 0, 1, 1, 1, 1, 1, 1, 1): LP 432.3519 отпал (колонок 16842, SRC 0)
[   42.8s]   (1, 1, 0, 1, 2, 1, 1, 1, 0, 1): LP 388.5550 отпал (колонок 17013, SRC 0)
[   43.3s]   (1, 1, 0, 1, 3, 0, 1, 1, 0, 1): LP 369.0942 отпал (колонок 17013, SRC 0)
[   46.2s]   (1, 1, 0, 1, 3, 1, 0, 1, 1, 0): LP 127.4424 отпал (колонок 17608, SRC 0)
[   47.5s]   (1, 1, 1, 0, 1, 1, 1, 1, 1, 1): LP 430.4683 отпал (колонок 17642, SRC 0)
[   48.2s]   (1, 1, 1, 0, 2, 1, 1, 1, 0, 1): LP 380.8694 отпал (колонок 17684, SRC 0)
[   48.4s]   (1, 1, 1, 0, 3, 0, 1, 1, 0, 1): LP 361.8797 отпал (колонок 17684, SRC 0)
[   49.6s]   (1, 1, 1, 0, 3, 1, 0, 1, 1, 0): LP 120.3563 отпал (колонок 17719, SRC 0)
[   51.8s]   (1, 1, 1, 1, 0, 1, 1, 1, 1, 1): LP 309.3241 отпал (колонок 18381, SRC 0)
[   53.0s]   (1, 1, 1, 1, 1, 1, 1, 1, 0, 1): LP 233.3362 отпал (колонок 18592, SRC 0)
[   53.9s]   (1, 1, 1, 1, 2, 0, 1, 1, 0, 1): LP 198.1166 отпал (колонок 18701, SRC 0)
[   62.3s]   (1, 1, 1, 1, 2, 1, 0, 1, 1, 0): LP 26.1429 отпал (колонок 19672, SRC 30)
[   62.8s]   (1, 1, 1, 1, 3, 0, 0, 0, 1, 1): LP 114.0000 отпал (колонок 19672, SRC 30)
[   63.8s]   (1, 1, 1, 1, 3, 0, 1, 0, 1, 0): LP 26.1429 отпал (колонок 19672, SRC 30)
[   74.1s]   (1, 1, 1, 1, 3, 1, 0, 1, 0, 0): LP 14.0000 отпал (колонок 20719, SRC 90)
[   74.1s] RESULT typebranch part 0/4: отпало 33 из 33; открытые []
