[    0.0s] control_yugovostok_mix1_inf best (0, 10, 349.278) lb_used 9
[    0.2s] families [[51, 9, 20, 0, 3], [12, 51, 16, 4], [9, 21, 11, 8, 15, 6, 3, 5, 4]], 1934 candidate sets
[    0.2s] составов из 9 бригад: 130, мои: 33 (часть 1/4)
[    2.4s]   (0, 0, 1, 0, 3, 1, 1, 1, 1, 1): LP 1197.0000 отпал (колонок 7346, SRC 0)
[    4.7s]   (0, 0, 1, 1, 3, 1, 1, 0, 1, 1): LP 675.0000 отпал (колонок 8895, SRC 0)
[    8.5s]   (0, 1, 0, 1, 2, 1, 1, 1, 1, 1): LP 768.7183 отпал (колонок 9302, SRC 0)
[    9.5s]   (0, 1, 0, 1, 3, 1, 1, 1, 0, 1): LP 726.0000 отпал (колонок 9757, SRC 0)
[   10.8s]   (0, 1, 1, 0, 3, 1, 0, 1, 1, 1): LP 644.2941 отпал (колонок 10656, SRC 0)
[   12.2s]   (0, 1, 1, 1, 1, 1, 1, 1, 1, 1): LP 397.7339 отпал (колонок 11189, SRC 0)
[   12.9s]   (0, 1, 1, 1, 2, 1, 1, 1, 0, 1): LP 342.0000 отпал (колонок 11311, SRC 0)
[   13.1s]   (0, 1, 1, 1, 3, 0, 1, 1, 0, 1): LP 327.0000 отпал (колонок 11311, SRC 0)
[   16.3s]   (0, 1, 1, 1, 3, 1, 0, 1, 1, 0): LP 102.2329 отпал (колонок 12650, SRC 0)
[   18.1s]   (1, 0, 0, 0, 3, 1, 1, 1, 1, 1): LP 1303.7368 отпал (колонок 12721, SRC 0)
[   20.7s]   (1, 0, 0, 1, 3, 1, 1, 0, 1, 1): LP 740.2934 отпал (колонок 13260, SRC 0)
[   21.2s]   (1, 0, 1, 0, 3, 0, 1, 1, 1, 1): LP 781.5000 отпал (колонок 13311, SRC 0)
[   22.3s]   (1, 0, 1, 0, 3, 1, 1, 1, 1, 0): LP 589.5349 отпал (колонок 13583, SRC 0)
[   23.9s]   (1, 0, 1, 1, 2, 1, 1, 0, 1, 1): LP 331.1891 отпал (колонок 14002, SRC 0)
[   24.2s]   (1, 0, 1, 1, 3, 0, 1, 0, 1, 1): LP 318.7059 отпал (колонок 14003, SRC 0)
[   26.0s]   (1, 0, 1, 1, 3, 1, 0, 1, 0, 1): LP 267.6572 отпал (колонок 14466, SRC 0)
[   28.0s]   (1, 0, 1, 1, 3, 1, 1, 1, 0, 0): LP 163.1036 отпал (колонок 14861, SRC 0)
[   29.3s]   (1, 1, 0, 0, 3, 1, 1, 0, 1, 1): LP 789.0000 отпал (колонок 15041, SRC 0)
[   29.9s]   (1, 1, 0, 1, 2, 0, 1, 1, 1, 1): LP 415.2651 отпал (колонок 15051, SRC 0)
[   31.5s]   (1, 1, 0, 1, 2, 1, 1, 1, 1, 0): LP 226.9153 отпал (колонок 15495, SRC 0)
[   32.4s]   (1, 1, 0, 1, 3, 0, 1, 1, 1, 0): LP 210.2170 отпал (колонок 15583, SRC 0)
[   33.7s]   (1, 1, 0, 1, 3, 1, 1, 0, 0, 1): LP 312.6090 отпал (колонок 15641, SRC 0)
[   35.0s]   (1, 1, 1, 0, 2, 0, 1, 1, 1, 1): LP 409.2083 отпал (колонок 15697, SRC 0)
[   35.5s]   (1, 1, 1, 0, 2, 1, 1, 1, 1, 0): LP 224.3690 отпал (колонок 15723, SRC 0)
[   37.6s]   (1, 1, 1, 0, 3, 0, 1, 1, 1, 0): LP 208.3625 отпал (колонок 15798, SRC 0)
[   38.5s]   (1, 1, 1, 0, 3, 1, 1, 0, 0, 1): LP 305.2656 отпал (колонок 15799, SRC 0)
[   42.0s]   (1, 1, 1, 1, 1, 0, 1, 1, 1, 1): LP 269.9954 отпал (колонок 16446, SRC 0)
[   44.3s]   (1, 1, 1, 1, 1, 1, 1, 1, 1, 0): LP 93.5007 отпал (колонок 16907, SRC 0)
[   46.6s]   (1, 1, 1, 1, 2, 0, 1, 1, 1, 0): LP 75.0606 отпал (колонок 17285, SRC 0)
[   48.2s]   (1, 1, 1, 1, 2, 1, 1, 0, 0, 1): LP 134.0506 отпал (колонок 17554, SRC 0)
[   49.3s]   (1, 1, 1, 1, 3, 0, 0, 1, 0, 1): LP 109.0000 отпал (колонок 17614, SRC 0)
[   53.5s]   (1, 1, 1, 1, 3, 0, 1, 1, 0, 0): LP 49.0000 отпал (колонок 18141, SRC 30)
[   63.7s]   (1, 1, 1, 1, 3, 1, 1, 0, 0, 0): LP 10.2310 отпал (колонок 19999, SRC 60)
[   63.7s] RESULT typebranch part 1/4: отпало 33 из 33; открытые []
