[    0.0s] control_yugovostok_mix1_inf best (0, 10, 349.278) lb_used 9
[    0.2s] families [[51, 9, 20, 0, 3], [12, 51, 16, 4], [9, 21, 11, 8, 15, 6, 3, 5, 4]], 1934 candidate sets
[    0.2s] составов из 9 бригад: 130, мои: 32 (часть 2/4)
[    3.5s]   (0, 0, 1, 1, 2, 1, 1, 1, 1, 1): LP 754.2857 отпал (колонок 7732, SRC 0)
[    4.5s]   (0, 0, 1, 1, 3, 1, 1, 1, 0, 1): LP 717.0000 отпал (колонок 8287, SRC 0)
[    6.5s]   (0, 1, 0, 1, 3, 0, 1, 1, 1, 1): LP 766.2566 отпал (колонок 8732, SRC 0)
[    9.3s]   (0, 1, 0, 1, 3, 1, 1, 1, 1, 0): LP 566.7229 отпал (колонок 10582, SRC 0)
[    9.8s]   (0, 1, 1, 0, 3, 1, 1, 0, 1, 1): LP 693.8571 отпал (колонок 10586, SRC 0)
[   11.7s]   (0, 1, 1, 1, 2, 0, 1, 1, 1, 1): LP 378.9146 отпал (колонок 11233, SRC 0)
[   12.7s]   (0, 1, 1, 1, 2, 1, 1, 1, 1, 0): LP 202.1209 отпал (колонок 11874, SRC 0)
[   14.6s]   (0, 1, 1, 1, 3, 0, 1, 1, 1, 0): LP 186.4637 отпал (колонок 12321, SRC 0)
[   15.8s]   (0, 1, 1, 1, 3, 1, 1, 0, 0, 1): LP 267.0000 отпал (колонок 12657, SRC 0)
[   17.8s]   (1, 0, 0, 1, 2, 1, 1, 1, 1, 1): LP 810.3594 отпал (колонок 12800, SRC 0)
[   19.6s]   (1, 0, 0, 1, 3, 1, 1, 1, 0, 1): LP 769.7500 отпал (колонок 13154, SRC 0)
[   20.9s]   (1, 0, 1, 0, 3, 1, 0, 1, 1, 1): LP 673.3759 отпал (колонок 13554, SRC 0)
[   22.3s]   (1, 0, 1, 1, 1, 1, 1, 1, 1, 1): LP 412.0665 отпал (колонок 13641, SRC 0)
[   23.6s]   (1, 0, 1, 1, 2, 1, 1, 1, 0, 1): LP 364.0866 отпал (колонок 13849, SRC 0)
[   24.2s]   (1, 0, 1, 1, 3, 0, 1, 1, 0, 1): LP 357.0000 отпал (колонок 13850, SRC 0)
[   27.1s]   (1, 0, 1, 1, 3, 1, 0, 1, 1, 0): LP 112.0898 отпал (колонок 14793, SRC 0)
[   28.8s]   (1, 1, 0, 0, 2, 1, 1, 1, 1, 1): LP 862.9882 отпал (колонок 15093, SRC 0)
[   29.2s]   (1, 1, 0, 0, 3, 1, 1, 1, 0, 1): LP 849.0000 отпал (колонок 15093, SRC 0)
[   31.5s]   (1, 1, 0, 1, 2, 1, 0, 1, 1, 1): LP 310.5705 отпал (колонок 15446, SRC 0)
[   32.5s]   (1, 1, 0, 1, 3, 0, 0, 1, 1, 1): LP 304.3669 отпал (колонок 15564, SRC 0)
[   34.6s]   (1, 1, 0, 1, 3, 1, 0, 0, 1, 1): LP 243.2661 отпал (колонок 16195, SRC 0)
[   36.6s]   (1, 1, 0, 1, 3, 1, 1, 0, 1, 0): LP 143.8701 отпал (колонок 16612, SRC 0)
[   38.1s]   (1, 1, 1, 0, 2, 1, 0, 1, 1, 1): LP 302.6344 отпал (колонок 16678, SRC 0)
[   38.3s]   (1, 1, 1, 0, 3, 0, 0, 1, 1, 1): LP 293.0563 отпал (колонок 16678, SRC 0)
[   39.0s]   (1, 1, 1, 0, 3, 1, 0, 0, 1, 1): LP 233.3749 отпал (колонок 16711, SRC 0)
[   39.8s]   (1, 1, 1, 0, 3, 1, 1, 0, 1, 0): LP 139.4836 отпал (колонок 16814, SRC 0)
[   43.3s]   (1, 1, 1, 1, 1, 1, 0, 1, 1, 1): LP 170.9018 отпал (колонок 17931, SRC 0)
[   45.2s]   (1, 1, 1, 1, 2, 0, 0, 1, 1, 1): LP 166.5078 отпал (колонок 18221, SRC 0)
[   47.4s]   (1, 1, 1, 1, 2, 1, 0, 0, 1, 1): LP 103.4093 отпал (колонок 18712, SRC 0)
[   56.1s]   (1, 1, 1, 1, 2, 1, 1, 0, 1, 0): LP 49.0000 отпал (колонок 19689, SRC 60)
[   56.7s]   (1, 1, 1, 1, 3, 0, 0, 1, 1, 0): LP 49.0000 отпал (колонок 19689, SRC 60)
[   61.6s]   (1, 1, 1, 1, 3, 1, 0, 0, 0, 1): LP 96.3975 отпал (колонок 21067, SRC 60)
[   61.6s] RESULT typebranch part 2/4: отпало 32 из 32; открытые []
