[    0.0s] control_yugovostok_mix1_inf best (0, 10, 349.278) lb_used 9
[    0.2s] families [[51, 9, 20, 0, 3], [12, 51, 16, 4], [9, 21, 11, 8, 15, 6, 3, 5, 4]], 1934 candidate sets
[    0.2s] составов из 9 бригад: 130, мои: 32 (часть 3/4)
[    3.8s]   (0, 0, 1, 1, 3, 0, 1, 1, 1, 1): LP 735.0000 отпал (колонок 9038, SRC 0)
[    6.4s]   (0, 0, 1, 1, 3, 1, 1, 1, 1, 0): LP 559.7368 отпал (колонок 10833, SRC 0)
[   10.2s]   (0, 1, 0, 1, 3, 1, 0, 1, 1, 1): LP 664.6425 отпал (колонок 11768, SRC 0)
[   10.9s]   (0, 1, 1, 0, 2, 1, 1, 1, 1, 1): LP 761.7273 отпал (колонок 11778, SRC 0)
[   12.8s]   (0, 1, 1, 0, 3, 1, 1, 1, 0, 1): LP 720.5493 отпал (колонок 12329, SRC 0)
[   15.2s]   (0, 1, 1, 1, 2, 1, 0, 1, 1, 1): LP 284.4901 отпал (колонок 13263, SRC 0)
[   18.2s]   (0, 1, 1, 1, 3, 0, 0, 1, 1, 1): LP 282.2029 отпал (колонок 13955, SRC 0)
[   19.8s]   (0, 1, 1, 1, 3, 1, 0, 0, 1, 1): LP 221.7725 отпал (колонок 14622, SRC 0)
[   21.8s]   (0, 1, 1, 1, 3, 1, 1, 0, 1, 0): LP 113.0000 отпал (колонок 15358, SRC 0)
[   25.5s]   (1, 0, 0, 1, 3, 0, 1, 1, 1, 1): LP 800.3241 отпал (колонок 15441, SRC 0)
[   26.7s]   (1, 0, 0, 1, 3, 1, 1, 1, 1, 0): LP 606.4263 отпал (колонок 15613, SRC 0)
[   28.1s]   (1, 0, 1, 0, 3, 1, 1, 0, 1, 1): LP 721.5000 отпал (колонок 15845, SRC 0)
[   30.1s]   (1, 0, 1, 1, 2, 0, 1, 1, 1, 1): LP 396.3621 отпал (колонок 16112, SRC 0)
[   31.9s]   (1, 0, 1, 1, 2, 1, 1, 1, 1, 0): LP 216.1892 отпал (колонок 16465, SRC 0)
[   32.3s]   (1, 0, 1, 1, 3, 0, 1, 1, 1, 0): LP 202.4381 отпал (колонок 16483, SRC 0)
[   34.6s]   (1, 0, 1, 1, 3, 1, 1, 0, 0, 1): LP 297.0000 отпал (колонок 16624, SRC 0)
[   37.3s]   (1, 1, 0, 0, 3, 0, 1, 1, 1, 1): LP 849.0000 отпал (колонок 16717, SRC 0)
[   39.8s]   (1, 1, 0, 0, 3, 1, 1, 1, 1, 0): LP 658.0302 отпал (колонок 17154, SRC 0)
[   42.5s]   (1, 1, 0, 1, 2, 1, 1, 0, 1, 1): LP 351.2857 отпал (колонок 17169, SRC 0)
[   43.7s]   (1, 1, 0, 1, 3, 0, 1, 0, 1, 1): LP 345.5217 отпал (колонок 17173, SRC 0)
[   46.5s]   (1, 1, 0, 1, 3, 1, 0, 1, 0, 1): LP 261.4758 отпал (колонок 17450, SRC 0)
[   48.5s]   (1, 1, 0, 1, 3, 1, 1, 1, 0, 0): LP 174.6480 отпал (колонок 17752, SRC 0)
[   49.7s]   (1, 1, 1, 0, 2, 1, 1, 0, 1, 1): LP 347.5075 отпал (колонок 17773, SRC 0)
[   50.0s]   (1, 1, 1, 0, 3, 0, 1, 0, 1, 1): LP 335.2500 отпал (колонок 17773, SRC 0)
[   51.3s]   (1, 1, 1, 0, 3, 1, 0, 1, 0, 1): LP 253.7590 отпал (колонок 18022, SRC 0)
[   51.6s]   (1, 1, 1, 0, 3, 1, 1, 1, 0, 0): LP 167.3193 отпал (колонок 18022, SRC 0)
[   55.8s]   (1, 1, 1, 1, 1, 1, 1, 0, 1, 1): LP 189.6210 отпал (колонок 19143, SRC 0)
[   56.3s]   (1, 1, 1, 1, 2, 0, 1, 0, 1, 1): LP 174.5422 отпал (колонок 19266, SRC 0)
[   56.8s]   (1, 1, 1, 1, 2, 1, 0, 1, 0, 1): LP 109.0000 отпал (колонок 19266, SRC 0)
[   59.3s]   (1, 1, 1, 1, 2, 1, 1, 1, 0, 0): LP 19.9971 отпал (колонок 19840, SRC 0)
[   60.7s]   (1, 1, 1, 1, 3, 0, 1, 0, 0, 1): LP 114.6809 отпал (колонок 19977, SRC 0)
[   75.3s]   (1, 1, 1, 1, 3, 1, 0, 0, 1, 0): LP 9.0000 НЕ ОТПАЛ (колонок 20724, SRC 150)
[   75.3s] RESULT typebranch part 3/4: отпало 31 из 32; открытые [(1, 1, 1, 1, 3, 1, 0, 0, 1, 0)]
